00:00:03:150 carga_out_dist 2
00:00:03:240 carga_out_dist 3
00:00:03:300 carga_out_dist 4
00:00:06:000 carga_out_dist 7
00:00:06:030 carga_out_dist 6
00:00:06:360 carga_out_dist 5
00:00:10:030 carga_out_dist 10
00:00:10:120 carga_out_dist 8
