00:00:05:005 recibe_ll 1
00:00:15:008 recibe_ll 2
