00:00:05:015 no_atiende 1
00:00:25:015 no_atiende 1
