00:00:00:008 ocupada_del 1
00:00:00:019 no_atiende_del 1
00:00:15:000 error_del 1
00:00:35:120 salida_del 6
00:00:35:450 salida_del 5
00:00:51:090 salida_del 7
00:00:57:000 error_del 1
00:01:12:090 salida_del 8
00:01:20:090 salida_del 2
00:01:20:240 salida_del 10
