00:00:00:008 ocupada_del 1
00:00:00:019 no_atiende_del 1
00:00:36:120 salida_del 6
00:00:36:240 salida_del 2
00:00:40:090 salida_del 7
00:00:40:450 salida_del 5
