00:00:00:008 ocupada_del 1
00:00:00:019 no_atiende_del 1
00:00:14:015 no_atiende_del 1
00:00:23:015 no_atiende_del 1
00:00:28:015 no_atiende_del 1
00:00:31:120 salida_del 6
00:00:31:240 salida_del 2
00:00:39:090 salida_del 7
00:00:39:450 salida_del 5
