00:00:01:030 pedido_out 1
00:00:02:030 pedido_out 2
00:00:07:000 pedido_out 3
00:00:07:030 pedido_out 4
00:00:07:060 pedido_out 5
