00:00:01:030 pedido_out 1
00:00:07:000 parar_p 1
00:00:08:000 pedido_out 2
00:00:08:000 libre_p 1
00:00:08:030 pedido_out 3
00:00:08:060 pedido_out 4
00:00:08:090 pedido_out 5
00:00:08:120 pedido_out 6
