00:00:01:008 parar_p 1
00:00:01:030 pedido_out 1
00:00:01:030 libre_p 1
00:00:01:060 pedido_out 2
00:00:01:090 pedido_out 3
00:00:01:120 pedido_out 4
00:00:01:150 pedido_out 5
00:00:04:038 pedido_out 6
00:00:08:000 pedido_out 7
00:00:08:030 pedido_out 8
00:00:09:030 pedido_out 9
00:00:10:030 pedido_out 10
