00:00:01:030 ent_out 1
00:00:07:000 parar_ent 1
00:00:08:000 ent_out 2
00:00:08:000 libre_ent 1
00:00:08:030 ent_out 3
00:00:08:060 ent_out 4
00:00:08:090 ent_out 5
00:00:08:120 ent_out 6
