00:00:01:030 ent_out 1
00:00:02:030 ent_out 2
00:00:07:000 ent_out 3
00:00:07:030 ent_out 4
00:00:07:060 ent_out 5
