00:00:01:008 parar_ent 1
00:00:01:030 ent_out 1
00:00:01:030 libre_ent 1
00:00:01:060 ent_out 2
00:00:01:090 ent_out 3
00:00:01:120 ent_out 4
00:00:01:150 ent_out 5
00:00:04:038 ent_out 6
00:00:08:000 ent_out 7
00:00:08:030 ent_out 8
00:00:09:030 ent_out 9
00:00:10:030 ent_out 10

