00:00:05:000 lista_ll_m 1
00:00:12:000 ocupada_ent_m 1
00:00:12:030 dist_out_m 1
00:00:12:030 libre_m_ent 1
00:00:18:000 cerrado_m 1
00:00:22:000 ocupada_ent_m 1
00:00:22:030 dist_out_m 2
00:00:22:030 libre_m_ent 1
00:00:30:000 lista_ll_m 1
00:00:40:000 ocupado_m 1
00:00:42:000 libre_m 1
00:00:42:030 manda_pedido 5
00:00:53:000 cerrado_m 1
00:00:55:000 ocupada_ent_m 1
00:00:55:030 dist_out_m 5
00:00:55:030 libre_m_ent 1
