00:00:01:000 sel_out1 1
00:00:02:000 sel_out1 2
00:00:04:000 sel_out2 3
00:00:05:000 sel_out2 4
00:00:08:000 sel_out4 5
00:00:09:000 sel_out4 6
00:00:10:000 moto_ocupada 1
00:00:14:000 moto_libre 1
00:00:15:000 sel_out3 7
00:00:16:000 sel_out3 8
00:00:17:000 sel_out3 9
00:00:18:000 moto_ocupada 1
00:00:19:000 moto_libre 1
00:00:20:000 sel_out3 10
