00:00:01:000 sel_out1 1
00:00:02:000 sel_out1 2
00:00:04:000 sel_out2 3
00:00:05:000 sel_out2 4
00:00:07:000 sel_out4 5
00:00:08:000 sel_out4 6
00:00:09:000 moto_ocupada 1
