00:00:01:000 sel_out1 1
00:00:02:000 sel_out1 2
00:00:03:000 sel_out1 3
00:00:05:000 sel_out2 4
00:00:06:000 sel_out2 5
00:00:08:000 sel_out3 6
00:00:10:000 sel_out3 7
