00:00:00:010 lista_ll_uc 1
00:00:08:000 ocupado_uc 1
00:00:10:000 ll_error_uc 1
00:00:10:000 libre_uc 1
00:00:13:000 ocupado_uc 1
00:00:15:000 encolar_p 2
00:00:15:000 libre_uc 1
00:00:20:000 ocupado_uc 1
00:00:22:000 encolar_p 3
00:00:22:000 libre_uc 1
00:00:30:000 ocupada_ent_uc 1
00:00:30:030 dist_out_uc 2
00:00:30:030 libre_uc_ent 1
00:00:48:000 ocupada_ent_uc 1
00:00:48:030 dist_out_uc 3
00:00:48:030 libre_uc_ent 1
00:00:50:000 cerrado_uc 1
