00:00:00:050 lista_ll_uc 1
00:00:01:000 cerrado_uc 1
00:00:05:000 ocupada_ent_uc 1
00:00:05:030 dist_out_uc 2
00:00:05:030 libre_uc_ent 1
00:00:08:000 lista_ll_uc 1
00:00:15:000 ocupado_uc 1
00:00:17:000 encolar_p 3
00:00:17:000 libre_uc 1
00:00:20:000 ocupada_ent_uc 1
00:00:20:030 dist_out_uc 3
00:00:20:030 libre_uc_ent 1
00:00:35:000 cerrado_uc 1
