00:00:01:000 lista_ll_uc 1
00:00:02:000 ocupado_uc 1
00:00:04:000 encolar_p 2
00:00:04:000 libre_uc 1
00:00:08:000 ocupado_uc 1
00:00:10:000 encolar_p 3
00:00:10:000 libre_uc 1
00:00:15:000 ocupado_uc 1
00:00:17:000 encolar_p 4
00:00:17:000 libre_uc 1
00:00:20:000 cerrado_uc 1
00:00:35:000 ocupada_ent_uc 1
00:00:35:030 dist_out_uc 3
00:00:35:030 libre_uc_ent 1
00:00:40:000 lista_ll_uc 1
00:01:05:000 ocupado_uc 1
00:01:07:000 encolar_p 5
00:01:07:000 libre_uc 1
00:01:15:000 ocupada_ent_uc 1
00:01:15:030 dist_out_uc 2
00:01:15:030 libre_uc_ent 1
00:01:20:000 ocupado_uc 1
00:01:22:000 encolar_p 6
00:01:22:000 libre_uc 1
00:01:30:000 ocupado_uc 1
00:01:32:000 encolar_p 7
00:01:32:000 libre_uc 1
00:01:55:000 cerrado_uc 1
00:02:10:000 ocupada_ent_uc 1
00:02:10:030 dist_out_uc 4
00:02:10:030 libre_uc_ent 1
00:02:20:000 lista_ll_uc 1
00:02:45:000 ocupada_ent_uc 1
00:02:45:030 dist_out_uc 6
00:02:45:030 libre_uc_ent 1
00:03:00:000 cerrado_uc 1
00:03:15:000 ocupada_ent_uc 1
00:03:15:030 dist_out_uc 7
00:03:15:030 libre_uc_ent 1
00:03:30:000 ocupada_ent_uc 1
00:03:30:030 dist_out_uc 5
00:03:30:030 libre_uc_ent 1
