00:00:03:000 ocupada_mi 1
00:00:03:240 entrega_mi 3
00:00:03:300 entrega_mi 4
00:00:03:330 entrega_mi 5
00:00:03:660 libre_mi 1
