00:00:04:000 ocupada_mi 1
00:00:04:240 entrega_mi 3
00:00:04:300 entrega_mi 4
00:00:04:600 libre_mi 1
