00:00:14:000 ocupada_c 1
00:00:14:000 sale_pedido 1
00:00:14:000 lista_c 1
00:00:16:000 ocupada_c 1
00:00:17:000 sale_pedido 4
00:00:17:000 lista_c 1
00:00:20:000 sale_pedido 3
00:00:23:000 sale_pedido 2
00:00:23:000 sale_pedido 6
00:00:31:000 sale_pedido 5
