00:00:05:000 ocupada_c 1
00:00:14:000 sale_pedido 1
00:00:14:000 lista_c 1
00:00:17:000 sale_pedido 4
00:00:20:000 sale_pedido 3
00:00:22:000 sale_pedido 5
00:00:23:000 sale_pedido 2
