00:00:14:000 sale_pedido 1
00:00:17:000 sale_pedido 4
00:00:20:000 sale_pedido 3
00:00:23:000 sale_pedido 2
